127.0.0.1 - - [11/Jul/2019:11:04:37 -0400] "GET / HTTP/1.1" 404 1074
0:0:0:0:0:0:0:1 - - [11/Jul/2019:11:04:37 -0400] "GET /gres/WEB-INF/classes/gres/data/EmployeeDAOImplOJDBC.java HTTP/1.1" 404 1047
0:0:0:0:0:0:0:1 - - [11/Jul/2019:11:04:38 -0400] "GET /favicon.ico HTTP/1.1" 404 1085
127.0.0.1 - - [11/Jul/2019:11:05:01 -0400] "GET / HTTP/1.1" 404 1074
0:0:0:0:0:0:0:1 - - [11/Jul/2019:11:05:01 -0400] "GET /gres/index.html HTTP/1.1" 200 965
0:0:0:0:0:0:0:1 - - [11/Jul/2019:11:05:12 -0400] "POST /gres/Login HTTP/1.1" 500 1616
127.0.0.1 - - [11/Jul/2019:11:11:32 -0400] "GET / HTTP/1.1" 404 1074
0:0:0:0:0:0:0:1 - - [11/Jul/2019:11:17:14 -0400] "POST /gres/Login HTTP/1.1" 500 1611
127.0.0.1 - - [11/Jul/2019:11:26:17 -0400] "GET / HTTP/1.1" 404 1074
0:0:0:0:0:0:0:1 - - [11/Jul/2019:12:00:29 -0400] "POST /gres/Login HTTP/1.1" 500 1616
0:0:0:0:0:0:0:1 - - [11/Jul/2019:12:00:34 -0400] "POST /gres/Login HTTP/1.1" 500 1616
0:0:0:0:0:0:0:1 - - [11/Jul/2019:12:00:51 -0400] "POST /gres/Login HTTP/1.1" 500 1616
0:0:0:0:0:0:0:1 - - [11/Jul/2019:12:01:00 -0400] "POST /gres/Login HTTP/1.1" 500 1616
127.0.0.1 - - [11/Jul/2019:12:40:28 -0400] "GET / HTTP/1.1" 404 1074
0:0:0:0:0:0:0:1 - - [11/Jul/2019:12:40:30 -0400] "GET /gres/Login HTTP/1.1" 200 4
0:0:0:0:0:0:0:1 - - [11/Jul/2019:12:40:59 -0400] "GET /gres/index.html HTTP/1.1" 200 961
0:0:0:0:0:0:0:1 - - [11/Jul/2019:12:41:08 -0400] "POST /gres/Login HTTP/1.1" 500 1616
127.0.0.1 - - [11/Jul/2019:12:46:12 -0400] "GET / HTTP/1.1" 404 1074
0:0:0:0:0:0:0:1 - - [11/Jul/2019:12:46:24 -0400] "POST /gres/Login HTTP/1.1" 500 1611
127.0.0.1 - - [11/Jul/2019:12:48:23 -0400] "GET / HTTP/1.1" 404 1074
0:0:0:0:0:0:0:1 - - [11/Jul/2019:12:48:24 -0400] "GET /gres/WEB-INF/classes/gres/data/EmployeeDAOImplOJDBC.java HTTP/1.1" 404 1047
0:0:0:0:0:0:0:1 - - [11/Jul/2019:12:48:52 -0400] "POST /gres/Login HTTP/1.1" 500 1611
127.0.0.1 - - [11/Jul/2019:12:53:24 -0400] "GET / HTTP/1.1" 404 1074
0:0:0:0:0:0:0:1 - - [11/Jul/2019:12:53:25 -0400] "GET /gres/index.html HTTP/1.1" 304 -
0:0:0:0:0:0:0:1 - - [11/Jul/2019:12:53:48 -0400] "POST /gres/Login HTTP/1.1" 500 1611
127.0.0.1 - - [11/Jul/2019:13:04:24 -0400] "GET / HTTP/1.1" 404 1074
0:0:0:0:0:0:0:1 - - [11/Jul/2019:13:04:25 -0400] "GET /gres/index.html HTTP/1.1" 304 -
0:0:0:0:0:0:0:1 - - [11/Jul/2019:13:04:34 -0400] "POST /gres/Login HTTP/1.1" 500 1611
127.0.0.1 - - [11/Jul/2019:13:17:35 -0400] "GET / HTTP/1.1" 404 1074
0:0:0:0:0:0:0:1 - - [11/Jul/2019:13:17:36 -0400] "GET /gres/index.html HTTP/1.1" 304 -
0:0:0:0:0:0:0:1 - - [11/Jul/2019:13:17:56 -0400] "POST /gres/Login HTTP/1.1" 500 1611
0:0:0:0:0:0:0:1 - - [11/Jul/2019:13:20:20 -0400] "POST /gres/Login HTTP/1.1" 500 1611
127.0.0.1 - - [11/Jul/2019:13:20:48 -0400] "GET / HTTP/1.1" 404 1074
0:0:0:0:0:0:0:1 - - [11/Jul/2019:13:20:58 -0400] "POST /gres/Login HTTP/1.1" 500 1611
127.0.0.1 - - [11/Jul/2019:13:23:51 -0400] "GET / HTTP/1.1" 404 1074
0:0:0:0:0:0:0:1 - - [11/Jul/2019:13:24:04 -0400] "POST /gres/Login HTTP/1.1" 200 -
127.0.0.1 - - [11/Jul/2019:13:29:33 -0400] "GET / HTTP/1.1" 404 1074
0:0:0:0:0:0:0:1 - - [11/Jul/2019:13:29:33 -0400] "GET /gres/index.html HTTP/1.1" 304 -
0:0:0:0:0:0:0:1 - - [11/Jul/2019:13:29:52 -0400] "POST /gres/Login HTTP/1.1" 200 -
127.0.0.1 - - [11/Jul/2019:13:31:07 -0400] "GET / HTTP/1.1" 404 1074
0:0:0:0:0:0:0:1 - - [11/Jul/2019:13:31:19 -0400] "POST /gres/Login HTTP/1.1" 200 -
0:0:0:0:0:0:0:1 - - [11/Jul/2019:13:34:16 -0400] "POST /gres/Login HTTP/1.1" 200 -
0:0:0:0:0:0:0:1 - - [11/Jul/2019:14:47:52 -0400] "GET /gres/index.html HTTP/1.1" 304 -
0:0:0:0:0:0:0:1 - - [11/Jul/2019:14:48:04 -0400] "POST /gres/Login HTTP/1.1" 200 -
0:0:0:0:0:0:0:1 - - [11/Jul/2019:14:51:19 -0400] "POST /gres/Login HTTP/1.1" 200 -
127.0.0.1 - - [11/Jul/2019:14:53:42 -0400] "GET / HTTP/1.1" 404 1074
0:0:0:0:0:0:0:1 - - [11/Jul/2019:14:53:43 -0400] "GET /project1/Login.html HTTP/1.1" 304 -
0:0:0:0:0:0:0:1 - - [11/Jul/2019:14:53:59 -0400] "POST /project1/Login HTTP/1.1" 200 1596
0:0:0:0:0:0:0:1 - - [11/Jul/2019:14:55:23 -0400] "POST /project1/Login HTTP/1.1" 200 1339
0:0:0:0:0:0:0:1 - - [11/Jul/2019:14:55:42 -0400] "POST /project1/Login HTTP/1.1" 200 1339
0:0:0:0:0:0:0:1 - - [11/Jul/2019:14:56:10 -0400] "POST /project1/Login HTTP/1.1" 200 1339
0:0:0:0:0:0:0:1 - - [11/Jul/2019:14:56:32 -0400] "GET /gres/Login HTTP/1.1" 200 4
0:0:0:0:0:0:0:1 - - [11/Jul/2019:14:56:36 -0400] "GET /gres/Login HTTP/1.1" 200 4
0:0:0:0:0:0:0:1 - - [11/Jul/2019:14:56:37 -0400] "GET /gres/Login HTTP/1.1" 200 4
127.0.0.1 - - [11/Jul/2019:14:58:56 -0400] "GET / HTTP/1.1" 404 1074
0:0:0:0:0:0:0:1 - - [11/Jul/2019:14:59:12 -0400] "POST /gres/Login HTTP/1.1" 200 -
127.0.0.1 - - [11/Jul/2019:15:00:26 -0400] "GET / HTTP/1.1" 404 1074
0:0:0:0:0:0:0:1 - - [11/Jul/2019:15:00:39 -0400] "POST /gres/Login HTTP/1.1" 200 -
0:0:0:0:0:0:0:1 - - [11/Jul/2019:15:01:38 -0400] "POST /gres/Login HTTP/1.1" 200 -
127.0.0.1 - - [11/Jul/2019:15:03:51 -0400] "GET / HTTP/1.1" 404 1074
0:0:0:0:0:0:0:1 - - [11/Jul/2019:15:04:02 -0400] "POST /gres/Login HTTP/1.1" 200 -
127.0.0.1 - - [11/Jul/2019:15:08:00 -0400] "GET / HTTP/1.1" 404 1074
0:0:0:0:0:0:0:1 - - [11/Jul/2019:15:08:11 -0400] "POST /gres/Login HTTP/1.1" 200 -
127.0.0.1 - - [11/Jul/2019:15:08:55 -0400] "GET / HTTP/1.1" 404 1074
0:0:0:0:0:0:0:1 - - [11/Jul/2019:15:09:16 -0400] "POST /project1/Login HTTP/1.1" 200 1596
0:0:0:0:0:0:0:1 - - [11/Jul/2019:15:09:35 -0400] "GET /gres/index.html HTTP/1.1" 200 1340
0:0:0:0:0:0:0:1 - - [11/Jul/2019:15:10:22 -0400] "POST /Login HTTP/1.1" 404 1079
127.0.0.1 - - [11/Jul/2019:15:11:07 -0400] "GET / HTTP/1.1" 404 1074
0:0:0:0:0:0:0:1 - - [11/Jul/2019:15:11:08 -0400] "GET /gres/index.html HTTP/1.1" 304 -
0:0:0:0:0:0:0:1 - - [11/Jul/2019:15:11:17 -0400] "POST /Login HTTP/1.1" 404 1079
127.0.0.1 - - [11/Jul/2019:15:12:43 -0400] "GET / HTTP/1.1" 404 1074
0:0:0:0:0:0:0:1 - - [11/Jul/2019:15:12:44 -0400] "GET /gres/index.html HTTP/1.1" 304 -
0:0:0:0:0:0:0:1 - - [11/Jul/2019:15:12:51 -0400] "POST /Login HTTP/1.1" 404 1079
0:0:0:0:0:0:0:1 - - [11/Jul/2019:15:13:23 -0400] "POST /Login HTTP/1.1" 404 1079
127.0.0.1 - - [11/Jul/2019:15:18:24 -0400] "GET / HTTP/1.1" 404 1074
0:0:0:0:0:0:0:1 - - [11/Jul/2019:15:18:25 -0400] "GET /gres/index.html HTTP/1.1" 200 1348
0:0:0:0:0:0:0:1 - - [11/Jul/2019:15:18:32 -0400] "POST /gres/gres/GresLogin HTTP/1.1" 404 1101
127.0.0.1 - - [11/Jul/2019:15:25:02 -0400] "GET / HTTP/1.1" 404 1074
0:0:0:0:0:0:0:1 - - [11/Jul/2019:15:25:03 -0400] "GET /gres/index.html HTTP/1.1" 200 1349
0:0:0:0:0:0:0:1 - - [11/Jul/2019:15:25:12 -0400] "POST /gres/gres/GresLogin2 HTTP/1.1" 404 1102
127.0.0.1 - - [11/Jul/2019:15:28:25 -0400] "GET / HTTP/1.1" 404 1074
0:0:0:0:0:0:0:1 - - [11/Jul/2019:15:28:26 -0400] "GET /gres/index.html HTTP/1.1" 200 1350
0:0:0:0:0:0:0:1 - - [11/Jul/2019:15:28:34 -0400] "POST /gres/GresLogin2 HTTP/1.1" 404 1093
0:0:0:0:0:0:0:1 - - [11/Jul/2019:15:29:35 -0400] "GET /gres/index.html HTTP/1.1" 200 1357
0:0:0:0:0:0:0:1 - - [11/Jul/2019:15:29:44 -0400] "POST /gres/GresLoginServlet2 HTTP/1.1" 500 1618
0:0:0:0:0:0:0:1 - - [11/Jul/2019:15:31:20 -0400] "GET /gres/index.html HTTP/1.1" 200 1353
127.0.0.1 - - [11/Jul/2019:15:36:09 -0400] "GET / HTTP/1.1" 404 1074
0:0:0:0:0:0:0:1 - - [11/Jul/2019:15:36:10 -0400] "GET /gres/index.html HTTP/1.1" 304 -
0:0:0:0:0:0:0:1 - - [11/Jul/2019:15:36:23 -0400] "POST /gres/GresLoginServlet2 HTTP/1.1" 500 1884
127.0.0.1 - - [11/Jul/2019:15:37:46 -0400] "GET / HTTP/1.1" 404 1074
0:0:0:0:0:0:0:1 - - [11/Jul/2019:15:37:48 -0400] "GET /gres/GresLoginServlet2 HTTP/1.1" 200 4
0:0:0:0:0:0:0:1 - - [11/Jul/2019:15:38:00 -0400] "GET /gres/index.html HTTP/1.1" 304 -
0:0:0:0:0:0:0:1 - - [11/Jul/2019:15:38:28 -0400] "POST /gres/GresLoginServlet2 HTTP/1.1" 500 27149
127.0.0.1 - - [11/Jul/2019:15:42:34 -0400] "GET / HTTP/1.1" 404 1074
0:0:0:0:0:0:0:1 - - [11/Jul/2019:15:42:34 -0400] "GET /gres/index.html HTTP/1.1" 304 -
0:0:0:0:0:0:0:1 - - [11/Jul/2019:15:42:46 -0400] "POST /gres/GresLoginServlet2 HTTP/1.1" 200 -
0:0:0:0:0:0:0:1 - - [11/Jul/2019:15:43:15 -0400] "POST /gres/GresLoginServlet2 HTTP/1.1" 200 -
0:0:0:0:0:0:0:1 - - [11/Jul/2019:15:43:22 -0400] "GET /gres/GresLoginServlet2 HTTP/1.1" 200 4
127.0.0.1 - - [11/Jul/2019:15:44:23 -0400] "GET / HTTP/1.1" 404 1074
0:0:0:0:0:0:0:1 - - [11/Jul/2019:15:44:24 -0400] "GET /gres/index.html HTTP/1.1" 304 -
0:0:0:0:0:0:0:1 - - [11/Jul/2019:15:44:39 -0400] "POST /gres/GresLoginServlet2 HTTP/1.1" 200 -
0:0:0:0:0:0:0:1 - - [11/Jul/2019:15:45:02 -0400] "POST /gres/GresLoginServlet2 HTTP/1.1" 200 -
0:0:0:0:0:0:0:1 - - [11/Jul/2019:15:45:52 -0400] "GET /gres/errfwelcome.html HTTP/1.1" 404 1099
0:0:0:0:0:0:0:1 - - [11/Jul/2019:15:46:07 -0400] "GET /gres/pages/errfwelcome.html HTTP/1.1" 200 1529
0:0:0:0:0:0:0:1 - - [11/Jul/2019:15:46:13 -0400] "GET /gres/pages/Account.html HTTP/1.1" 404 1105
127.0.0.1 - - [11/Jul/2019:15:47:27 -0400] "GET / HTTP/1.1" 404 1074
0:0:0:0:0:0:0:1 - - [11/Jul/2019:15:47:27 -0400] "GET /gres/index.html HTTP/1.1" 304 -
0:0:0:0:0:0:0:1 - - [11/Jul/2019:15:47:39 -0400] "POST /gres/GresLoginServlet2 HTTP/1.1" 200 -
127.0.0.1 - - [11/Jul/2019:15:48:44 -0400] "GET / HTTP/1.1" 404 1074
0:0:0:0:0:0:0:1 - - [11/Jul/2019:15:48:56 -0400] "POST /gres/GresLoginServlet2 HTTP/1.1" 200 -
127.0.0.1 - - [11/Jul/2019:15:50:46 -0400] "GET / HTTP/1.1" 404 1074
0:0:0:0:0:0:0:1 - - [11/Jul/2019:15:50:46 -0400] "GET /gres/GresLoginServlet2 HTTP/1.1" 200 -
0:0:0:0:0:0:0:1 - - [11/Jul/2019:15:50:58 -0400] "GET /gres/index.html HTTP/1.1" 304 -
0:0:0:0:0:0:0:1 - - [11/Jul/2019:15:51:10 -0400] "POST /gres/GresLoginServlet2 HTTP/1.1" 200 -
127.0.0.1 - - [11/Jul/2019:15:53:02 -0400] "GET / HTTP/1.1" 404 1074
0:0:0:0:0:0:0:1 - - [11/Jul/2019:15:53:02 -0400] "GET /gres/index.html HTTP/1.1" 304 -
0:0:0:0:0:0:0:1 - - [11/Jul/2019:15:53:13 -0400] "POST /gres/GresLoginServlet2 HTTP/1.1" 200 -
127.0.0.1 - - [11/Jul/2019:15:54:49 -0400] "GET / HTTP/1.1" 404 1074
0:0:0:0:0:0:0:1 - - [11/Jul/2019:15:54:57 -0400] "POST /project1/Login HTTP/1.1" 200 1596
127.0.0.1 - - [11/Jul/2019:16:02:22 -0400] "GET / HTTP/1.1" 404 1074
0:0:0:0:0:0:0:1 - - [11/Jul/2019:16:02:30 -0400] "POST /project1/Login HTTP/1.1" 200 1596
127.0.0.1 - - [11/Jul/2019:16:21:30 -0400] "GET / HTTP/1.1" 404 1074
0:0:0:0:0:0:0:1 - - [11/Jul/2019:16:21:31 -0400] "GET /gres/servlet/gres.controller.MainServlet HTTP/1.1" 404 1122
0:0:0:0:0:0:0:1 - - [11/Jul/2019:16:22:09 -0400] "GET /gres/WEB-INF/classes/gres/service/index.html HTTP/1.1" 404 1047
127.0.0.1 - - [11/Jul/2019:16:22:35 -0400] "GET / HTTP/1.1" 404 1074
0:0:0:0:0:0:0:1 - - [11/Jul/2019:16:22:35 -0400] "GET /gres/WEB-INF/classes/gres/service/index.html HTTP/1.1" 404 1047
0:0:0:0:0:0:0:1 - - [11/Jul/2019:16:23:27 -0400] "GET /gres/WEB-INF/classes/gres/service/index.html HTTP/1.1" 404 1047
0:0:0:0:0:0:0:1 - - [11/Jul/2019:16:24:12 -0400] "GET /gres/WEB-INF/classes/gres/service/index.html HTTP/1.1" 404 1047
127.0.0.1 - - [11/Jul/2019:16:25:34 -0400] "GET / HTTP/1.1" 404 1074
0:0:0:0:0:0:0:1 - - [11/Jul/2019:16:25:35 -0400] "GET /gres/WEB-INF/classes/gres/service/index.html HTTP/1.1" 404 1047
0:0:0:0:0:0:0:1 - - [11/Jul/2019:16:27:05 -0400] "GET /gres/GresLoginServlet2 HTTP/1.1" 200 -
127.0.0.1 - - [11/Jul/2019:16:33:18 -0400] "GET / HTTP/1.1" 404 1074
0:0:0:0:0:0:0:1 - - [11/Jul/2019:16:33:18 -0400] "GET /gres/WEB-INF/index.html HTTP/1.1" 404 1047
127.0.0.1 - - [11/Jul/2019:16:35:31 -0400] "GET / HTTP/1.1" 404 1074
0:0:0:0:0:0:0:1 - - [11/Jul/2019:16:35:31 -0400] "GET /gres/index.html HTTP/1.1" 304 -
0:0:0:0:0:0:0:1 - - [11/Jul/2019:16:35:42 -0400] "POST /gres/GresLoginServlet2 HTTP/1.1" 200 -
0:0:0:0:0:0:0:1 - - [11/Jul/2019:16:36:26 -0400] "POST /gres/GresLoginServlet2 HTTP/1.1" 200 -
0:0:0:0:0:0:0:1 - - [11/Jul/2019:16:37:11 -0400] "POST /gres/GresLoginServlet2 HTTP/1.1" 200 -
0:0:0:0:0:0:0:1 - - [11/Jul/2019:16:38:21 -0400] "POST /gres/GresLoginServlet2 HTTP/1.1" 200 -
127.0.0.1 - - [11/Jul/2019:16:39:54 -0400] "GET / HTTP/1.1" 404 1074
0:0:0:0:0:0:0:1 - - [11/Jul/2019:16:40:05 -0400] "POST /gres/GresLoginServlet2 HTTP/1.1" 200 -
0:0:0:0:0:0:0:1 - - [11/Jul/2019:16:40:13 -0400] "GET /gres/GresLoginServlet2 HTTP/1.1" 200 -
127.0.0.1 - - [11/Jul/2019:16:42:14 -0400] "GET / HTTP/1.1" 404 1074
0:0:0:0:0:0:0:1 - - [11/Jul/2019:16:42:14 -0400] "GET /gres/pages/errfwelcome.html HTTP/1.1" 200 1529
0:0:0:0:0:0:0:1 - - [11/Jul/2019:16:42:32 -0400] "POST /gres/ HTTP/1.1" 200 1353
0:0:0:0:0:0:0:1 - - [11/Jul/2019:16:43:11 -0400] "GET /gres/index.html HTTP/1.1" 304 -
0:0:0:0:0:0:0:1 - - [11/Jul/2019:16:43:22 -0400] "POST /gres/GresLoginServlet2 HTTP/1.1" 200 -
0:0:0:0:0:0:0:1 - - [11/Jul/2019:16:44:42 -0400] "POST /gres/GresLoginServlet2 HTTP/1.1" 200 -
0:0:0:0:0:0:0:1 - - [11/Jul/2019:16:45:00 -0400] "GET /gres/pages/errfwelcome.html HTTP/1.1" 304 -
127.0.0.1 - - [11/Jul/2019:16:45:42 -0400] "GET / HTTP/1.1" 404 1074
0:0:0:0:0:0:0:1 - - [11/Jul/2019:16:45:52 -0400] "POST /gres/GresLoginServlet2 HTTP/1.1" 200 -
127.0.0.1 - - [11/Jul/2019:16:46:27 -0400] "GET / HTTP/1.1" 404 1074
0:0:0:0:0:0:0:1 - - [11/Jul/2019:16:46:39 -0400] "POST /gres/GresLoginServlet2 HTTP/1.1" 200 -
127.0.0.1 - - [11/Jul/2019:16:47:27 -0400] "GET / HTTP/1.1" 404 1074
0:0:0:0:0:0:0:1 - - [11/Jul/2019:16:47:36 -0400] "POST /gres/GresLoginServlet2 HTTP/1.1" 200 -
127.0.0.1 - - [11/Jul/2019:16:49:07 -0400] "GET / HTTP/1.1" 404 1074
0:0:0:0:0:0:0:1 - - [11/Jul/2019:16:49:08 -0400] "GET /gres/GresLoginServlet2 HTTP/1.1" 200 -
0:0:0:0:0:0:0:1 - - [11/Jul/2019:16:50:35 -0400] "POST /gres/GresLoginServlet2 HTTP/1.1" 200 -
0:0:0:0:0:0:0:1 - - [11/Jul/2019:16:53:33 -0400] "GET /gres/errfwelcome.html HTTP/1.1" 404 1099
0:0:0:0:0:0:0:1 - - [11/Jul/2019:16:54:26 -0400] "GET /gres/errfwelcome.html HTTP/1.1" 404 1099
127.0.0.1 - - [11/Jul/2019:16:54:51 -0400] "GET / HTTP/1.1" 404 1074
0:0:0:0:0:0:0:1 - - [11/Jul/2019:16:54:52 -0400] "GET /gres/pages/errfwelcome.html HTTP/1.1" 304 -
127.0.0.1 - - [11/Jul/2019:16:55:49 -0400] "GET / HTTP/1.1" 404 1074
0:0:0:0:0:0:0:1 - - [11/Jul/2019:16:55:49 -0400] "GET /gres/index.html HTTP/1.1" 304 -
0:0:0:0:0:0:0:1 - - [11/Jul/2019:16:56:03 -0400] "POST /gres/GresLoginServlet2 HTTP/1.1" 200 -
0:0:0:0:0:0:0:1 - - [11/Jul/2019:16:56:38 -0400] "POST /gres/GresLoginServlet2 HTTP/1.1" 200 -
0:0:0:0:0:0:0:1 - - [11/Jul/2019:16:56:46 -0400] "POST /gres/GresLoginServlet2 HTTP/1.1" 200 -
127.0.0.1 - - [11/Jul/2019:17:01:18 -0400] "GET / HTTP/1.1" 404 1074
0:0:0:0:0:0:0:1 - - [11/Jul/2019:17:01:32 -0400] "POST /gres/GresLoginServlet2 HTTP/1.1" 200 -
0:0:0:0:0:0:0:1 - - [11/Jul/2019:17:03:24 -0400] "GET /gres/pages/errfwelcome.html HTTP/1.1" 304 -
127.0.0.1 - - [11/Jul/2019:17:04:36 -0400] "GET / HTTP/1.1" 404 1074
0:0:0:0:0:0:0:1 - - [11/Jul/2019:17:04:36 -0400] "GET /gres/index.html HTTP/1.1" 304 -
0:0:0:0:0:0:0:1 - - [11/Jul/2019:17:04:52 -0400] "POST /gres/GresLoginServlet2 HTTP/1.1" 200 -
127.0.0.1 - - [11/Jul/2019:17:05:39 -0400] "GET / HTTP/1.1" 404 1074
0:0:0:0:0:0:0:1 - - [11/Jul/2019:17:05:53 -0400] "POST /gres/GresLoginServlet2 HTTP/1.1" 200 -
127.0.0.1 - - [11/Jul/2019:17:07:33 -0400] "GET / HTTP/1.1" 404 1074
0:0:0:0:0:0:0:1 - - [11/Jul/2019:17:07:33 -0400] "GET /gres/GresLoginServlet2 HTTP/1.1" 200 -
0:0:0:0:0:0:0:1 - - [11/Jul/2019:17:07:53 -0400] "POST /gres/GresLoginServlet2 HTTP/1.1" 200 -
0:0:0:0:0:0:0:1 - - [11/Jul/2019:17:09:29 -0400] "POST /gres/GresLoginServlet2 HTTP/1.1" 200 2
127.0.0.1 - - [11/Jul/2019:17:12:29 -0400] "GET / HTTP/1.1" 404 1074
0:0:0:0:0:0:0:1 - - [11/Jul/2019:17:12:49 -0400] "POST /gres/GresLoginServlet2 HTTP/1.1" 200 2
127.0.0.1 - - [11/Jul/2019:17:18:50 -0400] "GET / HTTP/1.1" 404 1074
0:0:0:0:0:0:0:1 - - [11/Jul/2019:17:18:50 -0400] "GET /gres/index.html HTTP/1.1" 304 -
127.0.0.1 - - [11/Jul/2019:17:33:39 -0400] "GET / HTTP/1.1" 404 1074
0:0:0:0:0:0:0:1 - - [11/Jul/2019:17:33:40 -0400] "GET /gres/index.html HTTP/1.1" 304 -
0:0:0:0:0:0:0:1 - - [11/Jul/2019:17:33:53 -0400] "POST /gres/GresLoginServlet2 HTTP/1.1" 500 1529
0:0:0:0:0:0:0:1 - - [11/Jul/2019:18:56:17 -0400] "GET /gres/Account.html HTTP/1.1" 404 1095
0:0:0:0:0:0:0:1 - - [11/Jul/2019:18:56:27 -0400] "GET /gres/pendingRequests.html HTTP/1.1" 404 1103
0:0:0:0:0:0:0:1 - - [11/Jul/2019:18:57:22 -0400] "GET /gres/pendingRequests.html HTTP/1.1" 404 1103
0:0:0:0:0:0:0:1 - - [11/Jul/2019:18:57:28 -0400] "GET /gres/approvedRequests.html HTTP/1.1" 404 1104
0:0:0:0:0:0:0:1 - - [11/Jul/2019:18:57:47 -0400] "POST /gres/GresLoginServlet2 HTTP/1.1" 200 2
127.0.0.1 - - [11/Jul/2019:18:58:07 -0400] "GET / HTTP/1.1" 404 1074
0:0:0:0:0:0:0:1 - - [11/Jul/2019:18:58:08 -0400] "GET /gres/index.html HTTP/1.1" 304 -
0:0:0:0:0:0:0:1 - - [11/Jul/2019:18:58:40 -0400] "POST /gres/GresLoginServlet2 HTTP/1.1" 500 1613
0:0:0:0:0:0:0:1 - - [11/Jul/2019:19:01:52 -0400] "POST /gres/GresLoginServlet2 HTTP/1.1" 500 1529
0:0:0:0:0:0:0:1 - - [11/Jul/2019:19:19:27 -0400] "GET /gres/approvedRequests.html HTTP/1.1" 404 1104
0:0:0:0:0:0:0:1 - - [11/Jul/2019:19:19:31 -0400] "GET /gres/Account.html HTTP/1.1" 404 1095
0:0:0:0:0:0:0:1 - - [11/Jul/2019:19:30:53 -0400] "GET /gres/deniedRequests.html HTTP/1.1" 404 1102
0:0:0:0:0:0:0:1 - - [11/Jul/2019:19:32:26 -0400] "GET /gres/pendingRequests.html HTTP/1.1" 404 1103
0:0:0:0:0:0:0:1 - - [11/Jul/2019:19:32:28 -0400] "GET /gres/pendingRequests.html HTTP/1.1" 404 1103
0:0:0:0:0:0:0:1 - - [11/Jul/2019:19:32:28 -0400] "GET /gres/pendingRequests.html HTTP/1.1" 404 1103
0:0:0:0:0:0:0:1 - - [11/Jul/2019:19:37:58 -0400] "GET /gres/index.html HTTP/1.1" 304 -
0:0:0:0:0:0:0:1 - - [11/Jul/2019:19:38:07 -0400] "POST /gres/GresLoginServlet2 HTTP/1.1" 200 2
127.0.0.1 - - [11/Jul/2019:19:40:45 -0400] "GET / HTTP/1.1" 404 1074
0:0:0:0:0:0:0:1 - - [11/Jul/2019:19:40:57 -0400] "POST /gres/GresLoginServlet2 HTTP/1.1" 200 2
0:0:0:0:0:0:0:1 - - [11/Jul/2019:19:42:31 -0400] "POST /gres/GresLoginServlet2 HTTP/1.1" 200 2
127.0.0.1 - - [11/Jul/2019:20:00:23 -0400] "GET / HTTP/1.1" 404 1074
0:0:0:0:0:0:0:1 - - [11/Jul/2019:20:00:37 -0400] "POST /gres/GresLoginServlet2 HTTP/1.1" 200 2
127.0.0.1 - - [11/Jul/2019:20:02:03 -0400] "GET / HTTP/1.1" 404 1074
0:0:0:0:0:0:0:1 - - [11/Jul/2019:20:02:16 -0400] "POST /gres/GresLoginServlet2 HTTP/1.1" 200 -
0:0:0:0:0:0:0:1 - - [11/Jul/2019:20:03:03 -0400] "GET /gres/pages/errfwelcome.html HTTP/1.1" 200 1543
127.0.0.1 - - [11/Jul/2019:20:07:02 -0400] "GET / HTTP/1.1" 404 1074
0:0:0:0:0:0:0:1 - - [11/Jul/2019:20:07:03 -0400] "GET /gres/index.html HTTP/1.1" 304 -
0:0:0:0:0:0:0:1 - - [11/Jul/2019:20:07:17 -0400] "POST /gres/GresLoginServlet2 HTTP/1.1" 200 -
0:0:0:0:0:0:0:1 - - [11/Jul/2019:20:08:03 -0400] "POST /gres/GresLoginServlet2 HTTP/1.1" 200 -
127.0.0.1 - - [11/Jul/2019:20:12:33 -0400] "GET / HTTP/1.1" 404 1074
0:0:0:0:0:0:0:1 - - [11/Jul/2019:20:12:44 -0400] "POST /gres/GresLoginServlet2 HTTP/1.1" 200 -
127.0.0.1 - - [11/Jul/2019:20:16:13 -0400] "GET / HTTP/1.1" 404 1074
0:0:0:0:0:0:0:1 - - [11/Jul/2019:20:16:27 -0400] "POST /gres/GresLoginServlet2 HTTP/1.1" 200 -
0:0:0:0:0:0:0:1 - - [11/Jul/2019:20:18:46 -0400] "POST /gres/GresLoginServlet2 HTTP/1.1" 500 1618
0:0:0:0:0:0:0:1 - - [11/Jul/2019:20:19:03 -0400] "POST /gres/GresLoginServlet2 HTTP/1.1" 200 -
0:0:0:0:0:0:0:1 - - [11/Jul/2019:20:19:12 -0400] "POST /gres/GresLoginServlet2 HTTP/1.1" 200 -
0:0:0:0:0:0:0:1 - - [11/Jul/2019:20:19:48 -0400] "POST /gres/GresLoginServlet2 HTTP/1.1" 200 -
0:0:0:0:0:0:0:1 - - [11/Jul/2019:20:20:06 -0400] "GET /gres/GresLoginServlet2 HTTP/1.1" 200 -
0:0:0:0:0:0:0:1 - - [11/Jul/2019:20:22:30 -0400] "POST /gres/GresLoginServlet2 HTTP/1.1" 200 1543
127.0.0.1 - - [11/Jul/2019:20:42:29 -0400] "GET / HTTP/1.1" 404 1074
0:0:0:0:0:0:0:1 - - [11/Jul/2019:20:42:30 -0400] "GET /apiguy/advanced-pages/index.html HTTP/1.1" 200 3446
0:0:0:0:0:0:0:1 - - [11/Jul/2019:20:42:30 -0400] "GET /apiguy/advanced-pages/logo.png HTTP/1.1" 200 19967
0:0:0:0:0:0:0:1 - - [11/Jul/2019:20:42:30 -0400] "GET /apiguy/advanced-pages/ajax-and-forms.js HTTP/1.1" 200 2173
0:0:0:0:0:0:0:1 - - [11/Jul/2019:20:42:30 -0400] "GET /apiguy/advanced-pages/fetch.js HTTP/1.1" 200 1686
0:0:0:0:0:0:0:1 - - [11/Jul/2019:20:42:53 -0400] "GET /apiguy/advanced-pages/closure.html HTTP/1.1" 200 1305
0:0:0:0:0:0:0:1 - - [11/Jul/2019:20:42:53 -0400] "GET /apiguy/advanced-pages/closure.js HTTP/1.1" 200 1954
0:0:0:0:0:0:0:1 - - [11/Jul/2019:20:42:55 -0400] "GET /apiguy/advanced-pages/bubbles.html HTTP/1.1" 200 1817
0:0:0:0:0:0:0:1 - - [11/Jul/2019:20:42:55 -0400] "GET /apiguy/advanced-pages/bubbles.css HTTP/1.1" 200 377
0:0:0:0:0:0:0:1 - - [11/Jul/2019:20:42:55 -0400] "GET /apiguy/advanced-pages/bubbles.js HTTP/1.1" 200 1406
0:0:0:0:0:0:0:1 - - [11/Jul/2019:20:42:59 -0400] "GET /apiguy/advanced-pages/inheritance.html HTTP/1.1" 200 1211
0:0:0:0:0:0:0:1 - - [11/Jul/2019:20:42:59 -0400] "GET /apiguy/advanced-pages/inheritance.js HTTP/1.1" 200 1536
127.0.0.1 - - [11/Jul/2019:23:09:04 -0400] "GET / HTTP/1.1" 404 1074
0:0:0:0:0:0:0:1 - - [11/Jul/2019:23:09:04 -0400] "GET /gres/index.html HTTP/1.1" 304 -
0:0:0:0:0:0:0:1 - - [11/Jul/2019:23:09:18 -0400] "POST /gres/GresLoginServlet2 HTTP/1.1" 404 1109
0:0:0:0:0:0:0:1 - - [11/Jul/2019:23:10:01 -0400] "POST /gres/GresLoginServlet2 HTTP/1.1" 404 1109
127.0.0.1 - - [11/Jul/2019:23:12:28 -0400] "GET / HTTP/1.1" 404 1074
0:0:0:0:0:0:0:1 - - [11/Jul/2019:23:12:39 -0400] "POST /gres/GresLoginServlet2 HTTP/1.1" 200 1529
0:0:0:0:0:0:0:1 - - [11/Jul/2019:23:12:50 -0400] "POST /gres/ HTTP/1.1" 200 1353
127.0.0.1 - - [11/Jul/2019:23:13:42 -0400] "GET / HTTP/1.1" 404 1074
0:0:0:0:0:0:0:1 - - [11/Jul/2019:23:13:54 -0400] "POST /gres/GresLoginServlet2 HTTP/1.1" 200 1545
0:0:0:0:0:0:0:1 - - [11/Jul/2019:23:13:59 -0400] "POST /gres/GresFetchServlet HTTP/1.1" 200 -
